
ERROR: ambiguous resolution for amb( bind{T.2}( make( ) ) )
