
[1 / (0,1,0)]{T<2> => 1 | T<2> f T<2> => f( 1 )} g{T<2> | T<2> f T<2>}( 1 )

[1 / (1,1,0)]{T<1> => 1 | T<1> f T<1> => f( 1 )} g{T<1> | T<1> f T<1>}( 2 => 1 )
