
[Void / (0,1,1)]{T@g => 3 | Void f T@g T@g => f-s1s1( 3 3 )} g{T |  f T T}( 2 => 3 )
