[#voidptr / (0,0,0,0,0)] conv-v( #voidptr )
[Void / (0,1,1,-2,0)] f-v( make( ) )
[Void / (0,0,0,0,0)] f-v( conv-v( #voidptr ) )
