
[Void / (0,0,0,0,2)] f( not-i( 1 ) => 3 )

[Void / (0,0,0,0,2)] f( not-i( not-i( 1 ) ) => 3 )
