
[Void / (0,1,1,0,0)]{T<0> => 1} f-f3{T<0>}( 1 1 )

[Void / (0,2,1,0,0)]{T<0> => 2} f-f2{T<0>}( 2 2 )

[Void / (0,1,1,0,1)]{T<0> => 0} f-f3{T<0>}( 0 0 => 1 )

[Void / (0,2,1,0,1)]{T<0> => 2} f-f2{T<0>}( 1 => 2 2 )

[Void / (0,2,2,0,0)]{T<0> => 1, U<1> => #p} f-f1{T<0>, U<1>}( 1 #p )
