
[1 / (0,1,0)]{T@cons => 1} cons{T}( 1 1 )

[1 / (0,2,0)]{[T@cons, T@new] => 1} cons{T}( 1 new{T}( ) )

[1 / (0,3,0)]{[T@cons, T@cons, T@new] => 1} cons{T}( cons{T}( 1 new{T}( ) ) 1 )

[1 / (0,4,0)]{[T@cons, T@cons, T@new, T@new] => 1} cons{T}( cons{T}( 1 new{T}( ) ) new{T}( ) )

[1 / (0,4,0)]{[T@cons, T@cons, T@new, T@new] => 1} cons{T}( cons{T}( new{T}( ) new{T}( ) ) 1 )

ERROR: unbound type variables in new( ): T@new => ???
