
[#a / (0,2,0)]{A<1> => #a, B<2> => #b | A<1> bar B<2> => bar( #b ) | B<2> foo A<1> => foo( #a )} baz{A<1>, B<2> | B<2> foo A<1> | A<1> bar B<2>}( #a )

[#a / (0,3,0)]{A<1> => #a, B<2> => #b | B<2> g A<1> => g( #a ) | A<1> h B<2> => h( #b )} f{A<1>, B<2> | B<2> g A<1> | A<1> h B<2>}( #a )
