
[#foo / (0,0,0,0,0)] f( #foo )

[#bar / (0,0,0,0,0)] g( #bar )

[#foo / (0,3,1,-1,0)] h( #foo )

ERROR: no valid resolution for h( #bar )
