[Void / (0,1,1,-1,0)] f( 1 )
[Void / (0,1,1,-1,0)] p( 1 )
