
[#int / (0,1,1,0,0)] f( #int )

[#int / (0,1,1,0,0)] f( i( ) )

[#float / (0,1,1,0,0)] f( i( ) )

[#int / (0,1,1,0,0)] f( f( ) )

[#float / (0,1,1,0,0)] f( f( ) )
