[Void / (0,0,0,0,2)] g( f-cc( 2 => 3 ) f-cc( 2 => 3 ) )
